// Jest Snapshot v1, https://goo.gl/fbAQLP

exports[`KrakenMapper(options) userTransactions(data) returns mapped data 1`] = `Array []`;
